// Jest Snapshot v1, https://goo.gl/fbAQLP

exports[`FilterCheckLine matches the snapshot 1`] = `
<label
  className="d-flex align-items-center"
>
  <CustomCheckbox
    id=""
    isChecked={true}
    markersList={
      Array [
        Object {
          "count": 0,
          "id": "all",
          "isChecked": false,
          "name": "Show all",
          "type": "all",
        },
        Object {
          "count": 0,
          "id": "pending",
          "isChecked": false,
          "name": "Pending",
          "type": "main",
        },
        Object {
          "count": 0,
          "id": "approved",
          "isChecked": false,
          "name": "Approved",
          "type": "main",
        },
        Object {
          "count": 0,
          "id": "rejected",
          "isChecked": false,
          "name": "Rejected",
          "type": "main",
        },
        Object {
          "count": 0,
          "id": "rightsRequested",
          "isChecked": false,
          "name": "Rights requested",
          "type": "main",
        },
        Object {
          "count": 0,
          "id": "sticly",
          "isChecked": false,
          "name": "Sticly",
          "type": "main",
        },
        Object {
          "count": 0,
          "id": "topPhotos",
          "isChecked": false,
          "name": "Top photos",
          "type": "secondary",
        },
        Object {
          "count": 0,
          "id": "unhealthy",
          "isChecked": false,
          "name": "Unhealthy products",
          "type": "secondary",
        },
      ]
    }
    stateHandler={[Function]}
  />
  <span
    className="campaigns-photos__filterCheckLine-text campaigns-photos__filterCheckLine-text__active"
  >
     (
    )
  </span>
</label>
`;
